git add - add local cache area (staging area)
git commit - put into local repository
git push - put into git server repository

git clone- come into local repository
git pull - pull into local repository
          combination of two command
          git fetch and git merge
        
git fetch -pull into local repository
git merge - pull into working directory      


$ git status
On branch master

No commits yet

Untracked files:
  (use "git add <file>..." to include in what will be committed)

        component1.txt

nothing added to commit but untracked files present (use "git add" to track)

$ git add .   (add file in staging dir)

$ git status
On branch master

No commits yet

Changes to be committed:
  (use "git rm --cached <file>..." to unstage)

        new file:   component1.txt


Changes to be committed:

https://github.com/sanjaysbiswas/git_chapter1.git

$ git remote add origin https://github.com/sanjaysbiswas/git_chapter1.git

